============================= test session starts =============================
platform win32 -- Python 3.14.3, pytest-9.0.2, pluggy-1.6.0 -- C:\Users\kjuetten\AppData\Local\Python\pythoncore-3.14-64\python.exe
cachedir: .pytest_cache
rootdir: C:\Users\kjuetten\Documents\GitHub\Beacon-Low-Training-Pi-Camera-System
configfile: pytest.ini
collecting ... collected 1 item

tests/test_inspection_pipeline.py::test_inspect_against_reference_returns_expected_details FAILED [100%]

================================== FAILURES ===================================
___________ test_inspect_against_reference_returns_expected_details ___________
tests\test_inspection_pipeline.py:74: in test_inspect_against_reference_returns_expected_details
    passed, details = inspect_against_reference(
inspection_system\app\inspection_pipeline.py:41: in inspect_against_reference
    raise ValueError(
E   ValueError: Reference mask shape (2, 2, 3) does not match sample mask shape (2, 2).
=========================== short test summary info ===========================
FAILED tests/test_inspection_pipeline.py::test_inspect_against_reference_returns_expected_details
============================== 1 failed in 1.45s ==============================
